ALEKSANDER: KRAKOW LUBLIN WARSZAWA
BARBARA: [**RESTRICTED DATA**]
ADAM: KRAKOW CIECHOCINEK
RAFAL: GRUDZIADZ WARSZAWA LUBLIN
ANDRZEJ: WARSZAWA GRUDZIADZ
AZAZEL: GRUDZIADZ WARSZAWA KRAKOW LUBLIN ELBLAG
GABRIEL: FROMBORK
GLITCH: https://centrala.ag3nts.org/dane/na_smartfona.png
ADAM: KRAKOW CIECHOCINEK
ADRIAN: ERROR -200: no data found for "ADRIAN" in module "people"
AGATA: ERROR -200: no data found for "AGATA" in module "people"
AGNIESZKA: ERROR -200: no data found for "AGNIESZKA" in module "people"
ALAN: ERROR -200: no data found for "ALAN" in module "people"
ALBERT: ERROR -200: no data found for "ALBERT" in module "people"
ALEKSANDER: KRAKOW LUBLIN WARSZAWA
ALEKSANDRA: ERROR -200: no data found for "ALEKSANDRA" in module "people"
ALICJA: ERROR -200: no data found for "ALICJA" in module "people"
AMELIA: ERROR -200: no data found for "AMELIA" in module "people"
ANA: ERROR -200: no data found for "ANA" in module "people"
ANDRZEJ: WARSZAWA GRUDZIADZ
ANETA: ERROR -200: no data found for "ANETA" in module "people"
ANNA: ERROR -200: no data found for "ANNA" in module "people"
ANTONI: ERROR -200: no data found for "ANTONI" in module "people"
ARKADIUSZ: ERROR -200: no data found for "ARKADIUSZ" in module "people"
ARTUR: KONIN
BARBARA: [**RESTRICTED DATA**]
BARTLOMIEJ: ERROR -200: no data found for "BARTLOMIEJ" in module "people"
BARTOSZ: ERROR -200: no data found for "BARTOSZ" in module "people"
BEATA: ERROR -200: no data found for "BEATA" in module "people"
BOGDAN: ERROR -200: no data found for "BOGDAN" in module "people"
BOZENA: ERROR -200: no data found for "BOZENA" in module "people"
CEZARY: ERROR -200: no data found for "CEZARY" in module "people"
DAMIAN: ERROR -200: no data found for "DAMIAN" in module "people"
DANIEL: ERROR -200: no data found for "DANIEL" in module "people"
DARIUSZ: ERROR -200: no data found for "DARIUSZ" in module "people"
DAWID: ERROR -200: no data found for "DAWID" in module "people"
DOMINIK: ERROR -200: no data found for "DOMINIK" in module "people"
DOROTA: ERROR -200: no data found for "DOROTA" in module "people"
ELZ̈BIETA: ERROR -301: query should contain only capital letters
EMILIA: ERROR -200: no data found for "EMILIA" in module "people"
EWA: ERROR -200: no data found for "EWA" in module "people"
EWELINA: ERROR -200: no data found for "EWELINA" in module "people"
FILIP: ERROR -200: no data found for "FILIP" in module "people"
FRANCISZEK: ERROR -200: no data found for "FRANCISZEK" in module "people"
GRZEGORZ: ERROR -200: no data found for "GRZEGORZ" in module "people"
HALINA: ERROR -200: no data found for "HALINA" in module "people"
HANNA: ERROR -200: no data found for "HANNA" in module "people"
HENRYK: ERROR -200: no data found for "HENRYK" in module "people"
IGOR: ERROR -200: no data found for "IGOR" in module "people"
IRENA: ERROR -200: no data found for "IRENA" in module "people"
IWONA: ERROR -200: no data found for "IWONA" in module "people"
JACEK: ERROR -200: no data found for "JACEK" in module "people"
JAKUB: ERROR -200: no data found for "JAKUB" in module "people"
JAN: ERROR -200: no data found for "JAN" in module "people"
JANINA: ERROR -200: no data found for "JANINA" in module "people"
JANUSZ: ERROR -200: no data found for "JANUSZ" in module "people"
JAROSLAW: ERROR -200: no data found for "JAROSLAW" in module "people"
JERZY: ERROR -200: no data found for "JERZY" in module "people"
JOANNA: ERROR -200: no data found for "JOANNA" in module "people"
JOLANTA: ERROR -200: no data found for "JOLANTA" in module "people"
JOZEF: ERROR -200: no data found for "JOZEF" in module "people"
JULIA: ERROR -200: no data found for "JULIA" in module "people"
JUSTYNA: ERROR -200: no data found for "JUSTYNA" in module "people"
KAMIL: ERROR -200: no data found for "KAMIL" in module "people"
KAROL: ERROR -200: no data found for "KAROL" in module "people"
KAROLINA: ERROR -200: no data found for "KAROLINA" in module "people"
KATARZYNA: ERROR -200: no data found for "KATARZYNA" in module "people"
KAZIMIERZ: ERROR -200: no data found for "KAZIMIERZ" in module "people"
KINGA: ERROR -200: no data found for "KINGA" in module "people"
KRYSTYNA: ERROR -200: no data found for "KRYSTYNA" in module "people"
KRZYSZTOF: ERROR -200: no data found for "KRZYSZTOF" in module "people"
LAURA: ERROR -200: no data found for "LAURA" in module "people"
LENA: ERROR -200: no data found for "LENA" in module "people"
LEON: ERROR -200: no data found for "LEON" in module "people"
LESZEK: ERROR -200: no data found for "LESZEK" in module "people"
LUCYNA: ERROR -200: no data found for "LUCYNA" in module "people"
LUKASZ: ERROR -200: no data found for "LUKASZ" in module "people"
MACIEJ: ERROR -200: no data found for "MACIEJ" in module "people"
MAGDALENA: ERROR -200: no data found for "MAGDALENA" in module "people"
MAJA: ERROR -200: no data found for "MAJA" in module "people"
MALGORZATA: ERROR -200: no data found for "MALGORZATA" in module "people"
MAREK: ERROR -200: no data found for "MAREK" in module "people"
MARIA: ERROR -200: no data found for "MARIA" in module "people"
MARIANNA: ERROR -200: no data found for "MARIANNA" in module "people"
MARIUSZ: ERROR -200: no data found for "MARIUSZ" in module "people"
MARTA: ERROR -200: no data found for "MARTA" in module "people"
MARCIN: ERROR -200: no data found for "MARCIN" in module "people"
MATEUSZ: ERROR -200: no data found for "MATEUSZ" in module "people"
MICHAL: ERROR -200: no data found for "MICHAL" in module "people"
MIECZYSLAW: ERROR -200: no data found for "MIECZYSLAW" in module "people"
MIKOLAJ: ERROR -200: no data found for "MIKOLAJ" in module "people"
MILOSZ: ERROR -200: no data found for "MILOSZ" in module "people"
MIROSLAW: ERROR -200: no data found for "MIROSLAW" in module "people"
MONIKA: ERROR -200: no data found for "MONIKA" in module "people"
NATALIA: ERROR -200: no data found for "NATALIA" in module "people"
NIKODEM: ERROR -200: no data found for "NIKODEM" in module "people"
OLIWIA: ERROR -200: no data found for "OLIWIA" in module "people"
PATRYCJA: ERROR -200: no data found for "PATRYCJA" in module "people"
PATRYK: ERROR -200: no data found for "PATRYK" in module "people"
PAWEL: ERROR -200: no data found for "PAWEL" in module "people"
PIOTR: ERROR -200: no data found for "PIOTR" in module "people"
RAFAL: GRUDZIADZ WARSZAWA LUBLIN
ROBERT: ERROR -200: no data found for "ROBERT" in module "people"
ROMAN: ERROR -200: no data found for "ROMAN" in module "people"
RYSZARD: ERROR -200: no data found for "RYSZARD" in module "people"
SEBASTIAN: ERROR -200: no data found for "SEBASTIAN" in module "people"
SLAWOMIR: ERROR -200: no data found for "SLAWOMIR" in module "people"
STANISLAW: ERROR -200: no data found for "STANISLAW" in module "people"
STEFAN: ERROR -200: no data found for "STEFAN" in module "people"
SZYMON: ERROR -200: no data found for "SZYMON" in module "people"
TADEUSZ: ERROR -200: no data found for "TADEUSZ" in module "people"
TOMASZ: ERROR -200: no data found for "TOMASZ" in module "people"
WIESLAW: ERROR -200: no data found for "WIESLAW" in module "people"
WIKTOR: ERROR -200: no data found for "WIKTOR" in module "people"
WOJCIECH: ERROR -200: no data found for "WOJCIECH" in module "people"
ZBIGNIEW: ERROR -200: no data found for "ZBIGNIEW" in module "people"
ZOFIA: ERROR -200: no data found for "ZOFIA" in module "people"
ZUZANNA: ERROR -200: no data found for "ZUZANNA" in module "people"
