WARSZAWA: RAFAŁ ALEKSANDER ANDRZEJ
KRAKOW: ALEKSANDER BARBARA ADAM
WROCLAW: ERROR -200: no data found for "WROCLAW" in module "places"
LODZ: ERROR -200: no data found for "LODZ" in module "places"
POZNAN: ERROR -200: no data found for "POZNAN" in module "places"
GDANSK: ERROR -200: no data found for "GDANSK" in module "places"
SZCZECIN: ERROR -200: no data found for "SZCZECIN" in module "places"
LUBLIN: [**RESTRICTED DATA**]
BYDGOSZCZ: ERROR -200: no data found for "BYDGOSZCZ" in module "places"
BIALYSTOK: ERROR -200: no data found for "BIALYSTOK" in module "places"
KATOWICE: ERROR -200: no data found for "KATOWICE" in module "places"
GDYNIA: ERROR -200: no data found for "GDYNIA" in module "places"
CZESTOCHOWA: ERROR -200: no data found for "CZESTOCHOWA" in module "places"
RADOM: https://www.youtube.com/watch?v=ANoKL1KGpZ8
RZESZOW: ERROR -200: no data found for "RZESZOW" in module "places"
TORUN: ERROR -200: no data found for "TORUN" in module "places"
SOSNOWIEC: https://centrala.ag3nts.org/i/fotorelacja_ze_sosnowca.jpg
KIELCE: ERROR -200: no data found for "KIELCE" in module "places"
GLIWICE: ERROR -200: no data found for "GLIWICE" in module "places"
OLSZTYN: ERROR -200: no data found for "OLSZTYN" in module "places"
ZABRZE: ERROR -200: no data found for "ZABRZE" in module "places"
BYTOM: ERROR -200: no data found for "BYTOM" in module "places"
RYBNIK: ERROR -200: no data found for "RYBNIK" in module "places"
TYCHY: ERROR -200: no data found for "TYCHY" in module "places"
OPOLE: ERROR -200: no data found for "OPOLE" in module "places"
PLOCK: ERROR -200: no data found for "PLOCK" in module "places"
ELBLAG: BARBARA
GORZOW: ERROR -200: no data found for "GORZOW" in module "places"
DABROWA: ERROR -200: no data found for "DABROWA" in module "places"
WLOCLAWEK: ERROR -200: no data found for "WLOCLAWEK" in module "places"
TARNOW: ERROR -200: no data found for "TARNOW" in module "places"
CHORZOW: ERROR -200: no data found for "CHORZOW" in module "places"
KOSZALIN: ERROR -200: no data found for "KOSZALIN" in module "places"
KALISZ: ERROR -200: no data found for "KALISZ" in module "places"
LEGNICA: ERROR -200: no data found for "LEGNICA" in module "places"
GRUDZIADZ: RAFAL AZAZEL
SLUPSK: ERROR -200: no data found for "SLUPSK" in module "places"
JAWORZNO: ERROR -200: no data found for "JAWORZNO" in module "places"
JASTRZEBIE: ERROR -200: no data found for "JASTRZEBIE" in module "places"
SOPOT: ERROR -200: no data found for "SOPOT" in module "places"
PILA: ERROR -200: no data found for "PILA" in module "places"
LUBIN: ERROR -200: no data found for "LUBIN" in module "places"
OSTROW: ERROR -200: no data found for "OSTROW" in module "places"
SUWALKI: ERROR -200: no data found for "SUWALKI" in module "places"
STARGARD: ERROR -200: no data found for "STARGARD" in module "places"
GNIEZNO: ERROR -200: no data found for "GNIEZNO" in module "places"
OSTROWIEC: ERROR -200: no data found for "OSTROWIEC" in module "places"
SIEMIANOWICE: ERROR -200: no data found for "SIEMIANOWICE" in module "places"
PABIANICE: ERROR -200: no data found for "PABIANICE" in module "places"
GLOGOW: ERROR -200: no data found for "GLOGOW" in module "places"
LESZNO: ERROR -200: no data found for "LESZNO" in module "places"
ZORY: ERROR -200: no data found for "ZORY" in module "places"
ZAMOSC: ERROR -200: no data found for "ZAMOSC" in module "places"
PRUSZKOW: ERROR -200: no data found for "PRUSZKOW" in module "places"
LOMZA: ERROR -200: no data found for "LOMZA" in module "places"
ELK: ERROR -200: no data found for "ELK" in module "places"
TOMASZOW: ERROR -200: no data found for "TOMASZOW" in module "places"
CHELM: ERROR -200: no data found for "CHELM" in module "places"
MIELEC: ERROR -200: no data found for "MIELEC" in module "places"
PRZEMYSL: ERROR -200: no data found for "PRZEMYSL" in module "places"
TCZEW: ERROR -200: no data found for "TCZEW" in module "places"
BELCHATOW: ERROR -200: no data found for "BELCHATOW" in module "places"
SWIDNICA: ERROR -200: no data found for "SWIDNICA" in module "places"
BEDZIN: ERROR -200: no data found for "BEDZIN" in module "places"
ZGIERZ: ERROR -200: no data found for "ZGIERZ" in module "places"
PIEKARY: ERROR -200: no data found for "PIEKARY" in module "places"
RACIBORZ: ERROR -200: no data found for "RACIBORZ" in module "places"
LEGIONOWO: ERROR -200: no data found for "LEGIONOWO" in module "places"
OSTROLEKA: ERROR -200: no data found for "OSTROLEKA" in module "places"
SWIETOCHLOWICE: ERROR -200: no data found for "SWIETOCHLOWICE" in module "places"
WEJHEROWO: ERROR -200: no data found for "WEJHEROWO" in module "places"
ZAWIERCIE: ERROR -200: no data found for "ZAWIERCIE" in module "places"
SKIERNIEWICE: ERROR -200: no data found for "SKIERNIEWICE" in module "places"
STARACHOWICE: ERROR -200: no data found for "STARACHOWICE" in module "places"
WODZISLAW: ERROR -200: no data found for "WODZISLAW" in module "places"
STAROGARD: ERROR -200: no data found for "STAROGARD" in module "places"
PULAWY: ERROR -200: no data found for "PULAWY" in module "places"
TARNOBRZEG: ERROR -200: no data found for "TARNOBRZEG" in module "places"
KOLOBRZEG: ERROR -200: no data found for "KOLOBRZEG" in module "places"
KROSNO: ERROR -200: no data found for "KROSNO" in module "places"
RADOMSKO: ERROR -200: no data found for "RADOMSKO" in module "places"
OTWOCK: ERROR -200: no data found for "OTWOCK" in module "places"
SKARZYSKO: ERROR -200: no data found for "SKARZYSKO" in module "places"
CIECHANOW: ERROR -200: no data found for "CIECHANOW" in module "places"
KUTNO: ERROR -200: no data found for "KUTNO" in module "places"
SIERADZ: ERROR -200: no data found for "SIERADZ" in module "places"
ZDUNSKAWOLA: ERROR -200: no data found for "ZDUNSKAWOLA" in module "places"
SWINOUJSCIE: ERROR -200: no data found for "SWINOUJSCIE" in module "places"
ZYRARDOW: ERROR -200: no data found for "ZYRARDOW" in module "places"
BOLESŁAWIEC: ERROR -301: query should contain only capital letters
NOWA: ERROR -200: no data found for "NOWA" in module "places"
KNUROW: ERROR -200: no data found for "KNUROW" in module "places"
OSWIECIM: ERROR -200: no data found for "OSWIECIM" in module "places"
SANOK: ERROR -200: no data found for "SANOK" in module "places"
MALBORK: ERROR -200: no data found for "MALBORK" in module "places"
KEDZIERZYN: ERROR -200: no data found for "KEDZIERZYN" in module "places"
ZGORZELEC: ERROR -200: no data found for "ZGORZELEC" in module "places"
PIASTOW: ERROR -200: no data found for "PIASTOW" in module "places"
KONIN: GLITCH
FROMBORK: GABRIEL ARTUR AZAZEL
GLITCH: WTF is GLITCH?!
GRUDZIADZ: RAFAL AZAZEL
CIECHOCINEK: ADAM GABRIEL
