[**RESTRICTED DATA**]

ALEKSANDER BARBARA ADAM

RAFAŁ ALEKSANDER ANDRZEJ

KRAKOW LUBLIN WARSZAWA

ALEKSANDER BARBARA ADAM

[**RESTRICTED DATA**]

RAFAŁ ALEKSANDER ANDRZEJ

WARSZAWA GRUDZIADZ

RAFAŁ ALEKSANDER ANDRZEJ

RAFAL AZAZEL

GRUDZIADZ WARSZAWA LUBLIN

RAFAL AZAZEL

RAFAŁ ALEKSANDER ANDRZEJ

[**RESTRICTED DATA**]

[**RESTRICTED DATA**]

KRAKOW CIECHOCINEK

ALEKSANDER BARBARA ADAM

ADAM GABRIEL

GRUDZIADZ WARSZAWA LUBLIN

RAFAL AZAZEL

RAFAŁ ALEKSANDER ANDRZEJ

[**RESTRICTED DATA**]

KRAKOW LUBLIN WARSZAWA

ALEKSANDER BARBARA ADAM

[**RESTRICTED DATA**]

RAFAŁ ALEKSANDER ANDRZEJ

WARSZAWA GRUDZIADZ

RAFAŁ ALEKSANDER ANDRZEJ

RAFAL AZAZEL

GRUDZIADZ WARSZAWA KRAKOW LUBLIN ELBLAG

RAFAL AZAZEL

RAFAŁ ALEKSANDER ANDRZEJ

ALEKSANDER BARBARA ADAM

[**RESTRICTED DATA**]

BARBARA

GRUDZIADZ WARSZAWA LUBLIN

RAFAL AZAZEL

RAFAŁ ALEKSANDER ANDRZEJ

[**RESTRICTED DATA**]

[**RESTRICTED DATA**]

KRAKOW CIECHOCINEK

ALEKSANDER BARBARA ADAM

ADAM GABRIEL

FROMBORK

GABRIEL ARTUR AZAZEL

GRUDZIADZ WARSZAWA LUBLIN

RAFAL AZAZEL

RAFAŁ ALEKSANDER ANDRZEJ

[**RESTRICTED DATA**]

KRAKOW LUBLIN WARSZAWA

ALEKSANDER BARBARA ADAM

[**RESTRICTED DATA**]

RAFAŁ ALEKSANDER ANDRZEJ

WARSZAWA GRUDZIADZ

RAFAŁ ALEKSANDER ANDRZEJ

RAFAL AZAZEL

GRUDZIADZ WARSZAWA KRAKOW LUBLIN ELBLAG

RAFAL AZAZEL

RAFAŁ ALEKSANDER ANDRZEJ

ALEKSANDER BARBARA ADAM

[**RESTRICTED DATA**]

BARBARA

GRUDZIADZ WARSZAWA LUBLIN

RAFAL AZAZEL

RAFAŁ ALEKSANDER ANDRZEJ

[**RESTRICTED DATA**]

[**RESTRICTED DATA**]

KRAKOW CIECHOCINEK

ALEKSANDER BARBARA ADAM

ADAM GABRIEL

FROMBORK

GABRIEL ARTUR AZAZEL

KONIN

GLITCH

GRUDZIADZ WARSZAWA LUBLIN

RAFAL AZAZEL

RAFAŁ ALEKSANDER ANDRZEJ

[**RESTRICTED DATA**]

KRAKOW LUBLIN WARSZAWA

ALEKSANDER BARBARA ADAM

[**RESTRICTED DATA**]

RAFAŁ ALEKSANDER ANDRZEJ

WARSZAWA GRUDZIADZ

RAFAŁ ALEKSANDER ANDRZEJ

RAFAL AZAZEL

GRUDZIADZ WARSZAWA KRAKOW LUBLIN ELBLAG

RAFAL AZAZEL

RAFAŁ ALEKSANDER ANDRZEJ

ALEKSANDER BARBARA ADAM

[**RESTRICTED DATA**]

BARBARA

GRUDZIADZ WARSZAWA LUBLIN

RAFAL AZAZEL

RAFAŁ ALEKSANDER ANDRZEJ

[**RESTRICTED DATA**]

[**RESTRICTED DATA**]

KRAKOW CIECHOCINEK

ALEKSANDER BARBARA ADAM

ADAM GABRIEL

FROMBORK

GABRIEL ARTUR AZAZEL

https://centrala.ag3nts.org/dane/na_smartfona.png

